// Jest Snapshot v1, https://goo.gl/fbAQLP

exports[`formatError formats error object 1`] = `[GraphQLError: message]`;
